********************************************************************************
Field Output Report, written Fri Aug 16 11:01:04 2019

Source 1
---------

   ODB: C:/Users/maduguls/Documents/Sashi_Kiran/BL2D/Code_Anisoptopic_original/auto_inp.odb
   Step: Step-1
   Frame: Increment      1: Step Time =   2.2200E-16

Loc 1 : Nodal values from source 1

Output sorted by column "Node Label".

Field Output reported at nodes for part: PART-1-1

      Node Label            U.U1            U.U2
                          @Loc 1          @Loc 1
-------------------------------------------------
               1    -7.26925E-03         1.35655
               2         1.48922         1.35653
               3     70.2331E-03         1.35831
               4         1.41173         1.35854
               5              0.    -250.000E-36
               6         1.48270    -250.000E-36
               7     278.541E-03        -1.68551
               8         1.20291        -1.68553
               9    -6.26777E-03     648.930E-03
              10     68.4344E-03    -899.290E-03
              11     256.918E-03        -1.57105
              12     503.949E-03        -1.97698
              13     741.365E-03        -2.09604
              14     977.462E-03        -1.97678
              15         1.22452        -1.57108
              16         1.41311    -899.617E-03
              17         1.48833     648.970E-03
              18     785.358E-03         1.35742
              19     69.3489E-03     646.857E-03
              20     63.8066E-03    -116.628E-03
              21     112.867E-03    -903.383E-03
              22     504.142E-03        -1.97887
              23     741.361E-03        -2.09615
              24     977.296E-03        -1.97867
              25         1.36871    -903.505E-03
              26         1.41906    -116.746E-03
              27         1.41272     647.127E-03
              28     696.187E-03         1.35755
              29     723.808E-03    -493.511E-03
              30     782.950E-03     345.053E-03
              31     773.361E-03    -490.555E-03
              32     743.606E-03        -1.87035
              33     704.199E-03        -1.31367
              34     738.298E-03        -2.10792
              35     779.109E-03        -1.31329
              36     742.256E-03        -2.10793
              37     738.154E-03        -1.87032
              38     681.926E-03     345.763E-03


  Minimum           -7.26925E-03        -2.10793
         At Node               1              36

  Maximum                1.48922         1.35854
         At Node               2               4

           Total         28.1544        -22.5958


